🤖 2025-08-23 03:48:15,255 - LEGENDARY BOT INFO - 🧠 Ultra Thinking Boardroom configuration loaded!
🤖 2025-08-23 03:48:15,258 - LEGENDARY BOT INFO - 🔑 Loaded environment from .env
🤖 2025-08-23 03:48:15,260 - LEGENDARY BOT INFO - logging in using static token
🤖 2025-08-23 03:48:15,829 - LEGENDARY BOT INFO - Shard ID None has sent the IDENTIFY payload.
🤖 2025-08-23 03:48:16,137 - LEGENDARY BOT INFO - Shard ID None has connected to Gateway: ["gateway-prd-arm-us-east1-c-x6xj",{"micros":204369,"calls":["id_created",{"micros":387,"calls":[]},"session_lookup_time",{"micros":321,"calls":[]},"session_lookup_finished",{"micros":15,"calls":[]},"discord-sessions-prd-2-14",{"micros":203435,"calls":["start_session",{"micros":156757,"calls":["discord-api-rpc-5b55f5dc68-v4wl8",{"micros":109656,"calls":["get_user",{"micros":5432},"get_guilds",{"micros":7876},"send_scheduled_deletion_message",{"micros":9},"guild_join_requests",{"micros":7},"authorized_ip_coro",{"micros":7},"pending_payments",{"micros":18644},"apex_experiments",{"micros":18069},"user_activities",{"micros":5},"played_application_ids",{"micros":5}]}]},"starting_guild_connect",{"micros":26,"calls":[]},"presence_started",{"micros":21340,"calls":[]},"guilds_started",{"micros":93,"calls":[]},"lobbies_started",{"micros":1,"calls":[]},"guilds_connect",{"micros":2,"calls":[]},"presence_connect",{"micros":25200,"calls":[]},"connect_finished",{"micros":25203,"calls":[]},"build_ready",{"micros":13,"calls":[]},"clean_ready",{"micros":0,"calls":[]},"optimize_ready",{"micros":1,"calls":[]},"split_ready",{"micros":0,"calls":[]}]}]}] (Session ID: 2a36e4a43825b774b9c63080437a4f33).
🤖 2025-08-23 03:48:18,260 - LEGENDARY BOT INFO - 🏆💎⚡ ULTIMATE LEGENDARY HYPERFOCUS BOT ONLINE! ⚡💎🏆
🤖 2025-08-23 03:48:18,261 - LEGENDARY BOT INFO - ================================================================================
🤖 2025-08-23 03:48:18,262 - LEGENDARY BOT INFO - 🤖 Bot Name: BROski
🤖 2025-08-23 03:48:18,262 - LEGENDARY BOT INFO - 🆔 Bot ID: 1381965656974561300
🤖 2025-08-23 03:48:18,263 - LEGENDARY BOT INFO - 🌐 Connected Guilds: 1
🤖 2025-08-23 03:48:18,263 - LEGENDARY BOT INFO - 👥 Total Members: 6
🤖 2025-08-23 03:48:18,263 - LEGENDARY BOT INFO - ================================================================================
🤖 2025-08-23 03:48:18,263 - LEGENDARY BOT INFO - 🧠 Ultra Thinking Boardroom: SUCCESSFUL
🤖 2025-08-23 03:48:18,264 - LEGENDARY BOT INFO -    ✅ Strategic Analysis Engine: DEPLOYED
🤖 2025-08-23 03:48:18,264 - LEGENDARY BOT INFO -    ✅ Performance Optimization Matrix: DEPLOYED
🤖 2025-08-23 03:48:18,265 - LEGENDARY BOT INFO -    ✅ Team Coordination Hub: DEPLOYED
🤖 2025-08-23 03:48:18,266 - LEGENDARY BOT INFO -    ✅ Predictive Intelligence System: DEPLOYED
🤖 2025-08-23 03:48:18,266 - LEGENDARY BOT INFO -    ✅ Ultra-Thinking Decision Engine: DEPLOYED
🤖 2025-08-23 03:48:19,291 - LEGENDARY BOT INFO - 🌡️ System Heat Level: 🔥 CRITICAL_HEAT
🤖 2025-08-23 03:48:19,291 - LEGENDARY BOT INFO - 📊 CPU: 66.4% | RAM: 92.0%
🤖 2025-08-23 03:48:19,292 - LEGENDARY BOT INFO - 🏰 Legendary Zones Initialized: 10
🤖 2025-08-23 03:48:19,292 - LEGENDARY BOT INFO -    🧠 HYPERFOCUS ZONE
🤖 2025-08-23 03:48:19,292 - LEGENDARY BOT INFO -    💰 BROSKI ECONOMY ZONE
🤖 2025-08-23 03:48:19,292 - LEGENDARY BOT INFO -    👥 COMMUNITY SUPPORT ZONE
🤖 2025-08-23 03:48:19,293 - LEGENDARY BOT INFO -    🌿 WELLNESS & SELF-CARE ZONE
🤖 2025-08-23 03:48:19,293 - LEGENDARY BOT INFO -    📚 LEARNING & DEVELOPMENT ZONE
🤖 2025-08-23 03:48:19,293 - LEGENDARY BOT INFO -    ⚡ TECH & TOOLS ZONE
🤖 2025-08-23 03:48:19,294 - LEGENDARY BOT INFO -    🎨 CREATIVE EXPRESSION ZONE
🤖 2025-08-23 03:48:19,294 - LEGENDARY BOT INFO -    💼 CAREER & PROFESSIONAL ZONE
🤖 2025-08-23 03:48:19,294 - LEGENDARY BOT INFO -    🎮 GAMING & FUN ZONE
🤖 2025-08-23 03:48:19,295 - LEGENDARY BOT INFO -    🔮 MEMORY CRYSTAL ZONE
🤖 2025-08-23 03:48:19,295 - LEGENDARY BOT INFO - ♿ Accessibility Engine: ACTIVE with 3 profiles
🤖 2025-08-23 03:48:19,295 - LEGENDARY BOT INFO - 🎊 ALL LEGENDARY SYSTEMS OPERATIONAL!
🤖 2025-08-23 03:48:19,296 - LEGENDARY BOT INFO - 🌟 Ready to serve the neurodivergent community!
🤖 2025-08-23 03:48:20,355 - LEGENDARY BOT INFO - 📊 System Status: 🔥 CRITICAL_HEAT | CPU: 78.9% | RAM: 92.3%
🤖 2025-08-23 03:48:20,359 - LEGENDARY BOT INFO - 🧠 Strategic Analysis: PROCEED WITH LEGENDARY OPTIMIZATION
🤖 2025-08-23 03:53:20,725 - LEGENDARY BOT INFO - 📊 System Status: 🔥 CRITICAL_HEAT | CPU: 89.6% | RAM: 91.7%
🤖 2025-08-23 03:58:20,603 - LEGENDARY BOT INFO - 📊 System Status: 🔥 CRITICAL_HEAT | CPU: 99.3% | RAM: 92.3%
🤖 2025-08-23 04:03:20,824 - LEGENDARY BOT INFO - 📊 System Status: 🔥 CRITICAL_HEAT | CPU: 69.4% | RAM: 92.0%
🤖 2025-08-23 04:08:20,427 - LEGENDARY BOT INFO - 📊 System Status: ⚠️ HIGH_HEAT | CPU: 27.0% | RAM: 88.3%
🤖 2025-08-23 04:13:20,529 - LEGENDARY BOT INFO - 📊 System Status: ⚠️ HIGH_HEAT | CPU: 48.1% | RAM: 87.6%
🤖 2025-08-23 04:18:20,435 - LEGENDARY BOT INFO - 📊 System Status: ⚠️ HIGH_HEAT | CPU: 39.2% | RAM: 85.8%
🤖 2025-08-23 04:23:20,450 - LEGENDARY BOT INFO - 📊 System Status: 🔥 CRITICAL_HEAT | CPU: 48.4% | RAM: 90.8%
🤖 2025-08-23 04:28:20,482 - LEGENDARY BOT INFO - 📊 System Status: 🔥 CRITICAL_HEAT | CPU: 49.1% | RAM: 92.1%
🤖 2025-08-23 04:33:20,479 - LEGENDARY BOT INFO - 📊 System Status: 🔥 CRITICAL_HEAT | CPU: 19.2% | RAM: 92.0%
🤖 2025-08-23 04:37:20,697 - LEGENDARY BOT INFO - Got a request to RESUME the websocket.
🤖 2025-08-23 04:37:32,197 - LEGENDARY BOT INFO - Shard ID None has sent the RESUME payload.
🤖 2025-08-23 04:37:32,301 - LEGENDARY BOT INFO - Shard ID None has successfully RESUMED session 2a36e4a43825b774b9c63080437a4f33 under trace ["gateway-prd-arm-us-east1-b-twwf",{"micros":574,"calls":["id_created",{"micros":0,"calls":[]},"session_lookup_time",{"micros":267,"calls":[]},"session_lookup_finished",{"micros":11,"calls":[]},"discord-sessions-prd-2-14",{"micros":17}]}].
🤖 2025-08-23 04:38:20,488 - LEGENDARY BOT INFO - 📊 System Status: ⚠️ HIGH_HEAT | CPU: 48.7% | RAM: 86.6%
🤖 2025-08-23 04:43:20,524 - LEGENDARY BOT INFO - 📊 System Status: ⚠️ HIGH_HEAT | CPU: 56.7% | RAM: 87.7%
🤖 2025-08-23 04:48:19,307 - LEGENDARY BOT INFO - 🧠 Strategic Analysis: PROCEED WITH LEGENDARY OPTIMIZATION
🤖 2025-08-23 04:48:20,567 - LEGENDARY BOT INFO - 📊 System Status: 🔥 CRITICAL_HEAT | CPU: 19.3% | RAM: 91.9%
🤖 2025-08-23 04:53:20,524 - LEGENDARY BOT INFO - 📊 System Status: ⚠️ HIGH_HEAT | CPU: 34.2% | RAM: 86.6%
🤖 2025-08-23 04:58:20,524 - LEGENDARY BOT INFO - 📊 System Status: ⚠️ HIGH_HEAT | CPU: 26.8% | RAM: 89.3%
🤖 2025-08-23 05:03:20,540 - LEGENDARY BOT INFO - 📊 System Status: 🔥 CRITICAL_HEAT | CPU: 34.9% | RAM: 90.6%
🤖 2025-08-23 05:08:20,540 - LEGENDARY BOT INFO - 📊 System Status: 🔥 CRITICAL_HEAT | CPU: 31.1% | RAM: 92.6%
🤖 2025-08-23 05:13:20,554 - LEGENDARY BOT INFO - 📊 System Status: ⚠️ HIGH_HEAT | CPU: 28.3% | RAM: 89.8%
🤖 2025-08-23 05:18:20,628 - LEGENDARY BOT INFO - 📊 System Status: ⚠️ HIGH_HEAT | CPU: 17.6% | RAM: 89.2%
🤖 2025-08-23 05:23:20,628 - LEGENDARY BOT INFO - 📊 System Status: 🔥 CRITICAL_HEAT | CPU: 15.7% | RAM: 92.8%
🤖 2025-08-23 05:25:41,376 - LEGENDARY BOT INFO - Got a request to RESUME the websocket.
🤖 2025-08-23 05:25:52,747 - LEGENDARY BOT INFO - Shard ID None has sent the RESUME payload.
🤖 2025-08-23 05:25:52,889 - LEGENDARY BOT INFO - Shard ID None has successfully RESUMED session 2a36e4a43825b774b9c63080437a4f33 under trace ["gateway-prd-arm-us-east1-b-975k",{"micros":42344,"calls":["id_created",{"micros":0,"calls":[]},"session_lookup_time",{"micros":42110,"calls":[]},"session_lookup_finished",{"micros":11,"calls":[]},"discord-sessions-prd-2-14",{"micros":15}]}].
🤖 2025-08-23 05:28:20,598 - LEGENDARY BOT INFO - 📊 System Status: 🔥 CRITICAL_HEAT | CPU: 23.1% | RAM: 90.5%
🤖 2025-08-23 05:33:20,582 - LEGENDARY BOT INFO - 📊 System Status: ⚠️ HIGH_HEAT | CPU: 30.0% | RAM: 89.5%
🤖 2025-08-23 05:38:20,618 - LEGENDARY BOT INFO - 📊 System Status: 🔥 CRITICAL_HEAT | CPU: 16.3% | RAM: 91.6%
🤖 2025-08-23 05:43:20,599 - LEGENDARY BOT INFO - 📊 System Status: 🔥 CRITICAL_HEAT | CPU: 31.6% | RAM: 92.7%
🤖 2025-08-23 05:47:48,098 - LEGENDARY BOT INFO - Got a request to RESUME the websocket.
🤖 2025-08-23 05:47:59,521 - LEGENDARY BOT INFO - Shard ID None has sent the RESUME payload.
🤖 2025-08-23 05:47:59,626 - LEGENDARY BOT INFO - Shard ID None has successfully RESUMED session 2a36e4a43825b774b9c63080437a4f33 under trace ["gateway-prd-arm-us-east1-c-7sh3",{"micros":4018,"calls":["id_created",{"micros":0,"calls":[]},"session_lookup_time",{"micros":2725,"calls":[]},"session_lookup_finished",{"micros":12,"calls":[]},"discord-sessions-prd-2-14",{"micros":16}]}].
🤖 2025-08-23 05:48:19,317 - LEGENDARY BOT INFO - 🧠 Strategic Analysis: PROCEED WITH LEGENDARY OPTIMIZATION
🤖 2025-08-23 05:48:20,608 - LEGENDARY BOT INFO - 📊 System Status: ⚠️ HIGH_HEAT | CPU: 23.7% | RAM: 87.5%
🤖 2025-08-23 05:53:20,608 - LEGENDARY BOT INFO - 📊 System Status: ⚠️ HIGH_HEAT | CPU: 35.2% | RAM: 88.1%
🤖 2025-08-23 05:58:20,614 - LEGENDARY BOT INFO - 📊 System Status: ⚠️ HIGH_HEAT | CPU: 46.0% | RAM: 88.1%
🤖 2025-08-23 06:03:20,629 - LEGENDARY BOT INFO - 📊 System Status: 🔥 CRITICAL_HEAT | CPU: 23.8% | RAM: 91.0%
🤖 2025-08-23 06:08:20,694 - LEGENDARY BOT INFO - 📊 System Status: 🔥 CRITICAL_HEAT | CPU: 19.2% | RAM: 91.1%
🤖 2025-08-23 06:13:20,652 - LEGENDARY BOT INFO - 📊 System Status: ⚠️ HIGH_HEAT | CPU: 25.4% | RAM: 89.3%
🤖 2025-08-23 06:18:20,664 - LEGENDARY BOT INFO - 📊 System Status: 🔥 CRITICAL_HEAT | CPU: 25.3% | RAM: 91.6%
🤖 2025-08-23 06:23:20,666 - LEGENDARY BOT INFO - 📊 System Status: ⚠️ HIGH_HEAT | CPU: 14.4% | RAM: 89.4%
🤖 2025-08-23 06:28:20,701 - LEGENDARY BOT INFO - 📊 System Status: ⚠️ HIGH_HEAT | CPU: 15.8% | RAM: 88.1%
🤖 2025-08-23 06:31:25,894 - LEGENDARY BOT INFO - Got a request to RESUME the websocket.
🤖 2025-08-23 06:31:37,275 - LEGENDARY BOT INFO - Shard ID None has sent the RESUME payload.
🤖 2025-08-23 06:31:37,376 - LEGENDARY BOT INFO - Shard ID None has successfully RESUMED session 2a36e4a43825b774b9c63080437a4f33 under trace ["gateway-prd-arm-us-east1-d-qfhl",{"micros":433,"calls":["id_created",{"micros":0,"calls":[]},"session_lookup_time",{"micros":191,"calls":[]},"session_lookup_finished",{"micros":7,"calls":[]},"discord-sessions-prd-2-14",{"micros":15}]}].
🤖 2025-08-23 06:33:20,683 - LEGENDARY BOT INFO - 📊 System Status: 🔥 CRITICAL_HEAT | CPU: 24.8% | RAM: 91.0%
🤖 2025-08-23 06:38:20,686 - LEGENDARY BOT INFO - 📊 System Status: 🔥 CRITICAL_HEAT | CPU: 19.3% | RAM: 92.4%
🤖 2025-08-23 06:43:20,712 - LEGENDARY BOT INFO - 📊 System Status: 🔥 CRITICAL_HEAT | CPU: 38.0% | RAM: 90.2%
🤖 2025-08-23 06:48:19,352 - LEGENDARY BOT INFO - 🧠 Strategic Analysis: PROCEED WITH LEGENDARY OPTIMIZATION
🤖 2025-08-23 06:48:20,715 - LEGENDARY BOT INFO - 📊 System Status: ⚠️ HIGH_HEAT | CPU: 57.3% | RAM: 89.2%
🤖 2025-08-23 06:53:20,763 - LEGENDARY BOT INFO - 📊 System Status: 🔥 CRITICAL_HEAT | CPU: 40.6% | RAM: 93.4%
🤖 2025-08-23 06:58:20,726 - LEGENDARY BOT INFO - 📊 System Status: 🔥 CRITICAL_HEAT | CPU: 37.9% | RAM: 92.8%
🤖 2025-08-23 07:03:20,817 - LEGENDARY BOT INFO - 📊 System Status: 🔥 CRITICAL_HEAT | CPU: 20.3% | RAM: 90.5%
🤖 2025-08-23 07:08:20,739 - LEGENDARY BOT INFO - 📊 System Status: ⚠️ HIGH_HEAT | CPU: 34.2% | RAM: 89.3%
🤖 2025-08-23 07:13:20,744 - LEGENDARY BOT INFO - 📊 System Status: 🔥 CRITICAL_HEAT | CPU: 23.8% | RAM: 92.9%
🤖 2025-08-23 07:18:20,763 - LEGENDARY BOT INFO - 📊 System Status: 🔥 CRITICAL_HEAT | CPU: 37.6% | RAM: 91.2%
🤖 2025-08-23 07:23:20,754 - LEGENDARY BOT INFO - 📊 System Status: 🔥 CRITICAL_HEAT | CPU: 23.9% | RAM: 93.1%
🤖 2025-08-23 07:28:21,030 - LEGENDARY BOT INFO - 📊 System Status: 🔥 CRITICAL_HEAT | CPU: 34.3% | RAM: 91.2%
🤖 2025-08-23 14:28:50,337 - LEGENDARY BOT INFO - 🧠 Ultra Thinking Boardroom configuration loaded!
🤖 2025-08-23 14:28:50,339 - LEGENDARY BOT INFO - 🔑 Loaded environment from .env
🤖 2025-08-23 14:28:50,340 - LEGENDARY BOT INFO - logging in using static token
🤖 2025-08-23 14:28:51,024 - LEGENDARY BOT INFO - Shard ID None has sent the IDENTIFY payload.
🤖 2025-08-23 14:28:51,232 - LEGENDARY BOT INFO - Shard ID None has connected to Gateway: ["gateway-prd-arm-us-east1-b-pxf0",{"micros":107858,"calls":["id_created",{"micros":628,"calls":[]},"session_lookup_time",{"micros":1734,"calls":[]},"session_lookup_finished",{"micros":10,"calls":[]},"discord-sessions-prd-2-175",{"micros":105044,"calls":["start_session",{"micros":83951,"calls":["discord-api-rpc-b498b7cfc-ptbc6",{"micros":58923,"calls":["get_user",{"micros":4502},"get_guilds",{"micros":9866},"send_scheduled_deletion_message",{"micros":14},"guild_join_requests",{"micros":2},"authorized_ip_coro",{"micros":7},"pending_payments",{"micros":13923},"apex_experiments",{"micros":2797},"user_activities",{"micros":12},"played_application_ids",{"micros":3}]}]},"starting_guild_connect",{"micros":56,"calls":[]},"presence_started",{"micros":10240,"calls":[]},"guilds_started",{"micros":61,"calls":[]},"lobbies_started",{"micros":1,"calls":[]},"guilds_connect",{"micros":1,"calls":[]},"presence_connect",{"micros":10716,"calls":[]},"connect_finished",{"micros":10720,"calls":[]},"build_ready",{"micros":12,"calls":[]},"clean_ready",{"micros":1,"calls":[]},"optimize_ready",{"micros":0,"calls":[]},"split_ready",{"micros":1,"calls":[]}]}]}] (Session ID: 60fa035342b3d66aa9bdc5cd994ebe31).
🤖 2025-08-23 14:28:53,254 - LEGENDARY BOT INFO - 🏆💎⚡ ULTIMATE LEGENDARY HYPERFOCUS BOT ONLINE! ⚡💎🏆
🤖 2025-08-23 14:28:53,255 - LEGENDARY BOT INFO - ================================================================================
🤖 2025-08-23 14:28:53,255 - LEGENDARY BOT INFO - 🤖 Bot Name: BROski
🤖 2025-08-23 14:28:53,256 - LEGENDARY BOT INFO - 🆔 Bot ID: 1381965656974561300
🤖 2025-08-23 14:28:53,257 - LEGENDARY BOT INFO - 🌐 Connected Guilds: 1
🤖 2025-08-23 14:28:53,257 - LEGENDARY BOT INFO - 👥 Total Members: 6
🤖 2025-08-23 14:28:53,258 - LEGENDARY BOT INFO - ================================================================================
🤖 2025-08-23 14:28:53,258 - LEGENDARY BOT INFO - 🧠 Ultra Thinking Boardroom: SUCCESSFUL
🤖 2025-08-23 14:28:53,259 - LEGENDARY BOT INFO -    ✅ Strategic Analysis Engine: DEPLOYED
🤖 2025-08-23 14:28:53,259 - LEGENDARY BOT INFO -    ✅ Performance Optimization Matrix: DEPLOYED
🤖 2025-08-23 14:28:53,260 - LEGENDARY BOT INFO -    ✅ Team Coordination Hub: DEPLOYED
🤖 2025-08-23 14:28:53,260 - LEGENDARY BOT INFO -    ✅ Predictive Intelligence System: DEPLOYED
🤖 2025-08-23 14:28:53,260 - LEGENDARY BOT INFO -    ✅ Ultra-Thinking Decision Engine: DEPLOYED
🤖 2025-08-23 14:28:54,292 - LEGENDARY BOT INFO - 🌡️ System Heat Level: 🔥 CRITICAL_HEAT
🤖 2025-08-23 14:28:54,294 - LEGENDARY BOT INFO - 📊 CPU: 68.7% | RAM: 91.1%
🤖 2025-08-23 14:28:54,295 - LEGENDARY BOT INFO - 🏰 Legendary Zones Initialized: 10
🤖 2025-08-23 14:28:54,295 - LEGENDARY BOT INFO -    🧠 HYPERFOCUS ZONE
🤖 2025-08-23 14:28:54,305 - LEGENDARY BOT INFO -    💰 BROSKI ECONOMY ZONE
🤖 2025-08-23 14:28:54,306 - LEGENDARY BOT INFO -    👥 COMMUNITY SUPPORT ZONE
🤖 2025-08-23 14:28:54,308 - LEGENDARY BOT INFO -    🌿 WELLNESS & SELF-CARE ZONE
🤖 2025-08-23 14:28:54,309 - LEGENDARY BOT INFO -    📚 LEARNING & DEVELOPMENT ZONE
🤖 2025-08-23 14:28:54,310 - LEGENDARY BOT INFO -    ⚡ TECH & TOOLS ZONE
🤖 2025-08-23 14:28:54,311 - LEGENDARY BOT INFO -    🎨 CREATIVE EXPRESSION ZONE
🤖 2025-08-23 14:28:54,312 - LEGENDARY BOT INFO -    💼 CAREER & PROFESSIONAL ZONE
🤖 2025-08-23 14:28:54,313 - LEGENDARY BOT INFO -    🎮 GAMING & FUN ZONE
🤖 2025-08-23 14:28:54,324 - LEGENDARY BOT INFO -    🔮 MEMORY CRYSTAL ZONE
🤖 2025-08-23 14:28:54,362 - LEGENDARY BOT INFO - ♿ Accessibility Engine: ACTIVE with 3 profiles
🤖 2025-08-23 14:28:54,364 - LEGENDARY BOT INFO - 🎊 ALL LEGENDARY SYSTEMS OPERATIONAL!
🤖 2025-08-23 14:28:54,365 - LEGENDARY BOT INFO - 🌟 Ready to serve the neurodivergent community!
🤖 2025-08-23 14:28:55,393 - LEGENDARY BOT INFO - 📊 System Status: 🔥 CRITICAL_HEAT | CPU: 81.5% | RAM: 91.2%
🤖 2025-08-23 14:28:55,393 - LEGENDARY BOT INFO - 🧠 Strategic Analysis: PROCEED WITH LEGENDARY OPTIMIZATION
🤖 2025-08-23 14:33:55,419 - LEGENDARY BOT INFO - 📊 System Status: 🔥 CRITICAL_HEAT | CPU: 28.7% | RAM: 92.4%
🤖 2025-08-23 14:38:55,439 - LEGENDARY BOT INFO - 📊 System Status: 🔥 CRITICAL_HEAT | CPU: 24.6% | RAM: 90.8%
🤖 2025-08-23 14:43:55,430 - LEGENDARY BOT INFO - 📊 System Status: ⚠️ HIGH_HEAT | CPU: 15.9% | RAM: 88.3%
🤖 2025-08-23 14:48:55,438 - LEGENDARY BOT INFO - 📊 System Status: ⚠️ HIGH_HEAT | CPU: 42.0% | RAM: 87.7%
