EMPIRE 2025-08-16 12:55:27,976 - INFO - 🏛️ OPTION C: FULL COMMUNITY EMPIRE TRANSFORMATION INITIATED
EMPIRE 2025-08-16 12:55:27,977 - INFO - Verifying Discord Community Foundation...
EMPIRE 2025-08-16 12:55:27,978 - INFO - Discord system found: 🎊💎⚡_DISCORD_COMMUNITY_ACTIVATION_ENGINE_⚡💎🎊.py
EMPIRE 2025-08-16 12:55:27,978 - INFO - Discord system found: 📊💎⚡_DISCORD_COMMUNITY_ACTIVATION_DASHBOARD_⚡💎📊.py
EMPIRE 2025-08-16 12:55:27,979 - INFO - Discord Community Foundation: LEGENDARY STATUS
EMPIRE 2025-08-16 12:55:27,980 - INFO - Launching Phase 2 Social Platform...
EMPIRE 2025-08-16 12:55:27,980 - INFO - Phase 2 Social Platform Engine FOUND!
EMPIRE 2025-08-16 12:55:28,348 - ERROR - Phase 2 Launch Error: Traceback (most recent call last):
  File "h:\Python File\\U0001f31f\U0001f48e\u26a1_PHASE2_SOCIAL_PLATFORM_DEVELOPMENT_ENGINE_\u26a1\U0001f48e\U0001f31f.py", line 773, in <module>
    main()
    ~~~~^^
  File "h:\Python File\\U0001f31f\U0001f48e\u26a1_PHASE2_SOCIAL_PLATFORM_DEVELOPMENT_ENGINE_\u26a1\U0001f48e\U0001f31f.py", line 700, in main
    print("\U0001f31f\U0001f48e\u26a1 PHASE 2 SOCIAL PLATFORM ENGINE STARTING... \u26a1\U0001f48e\U0001f31f")
    ~~~~~^^^^^^^^^^^^^^^^^^^^^^^^^^^^^^^^^^^^^^^^^^^^^^^^^^^^^^^^^^^^
  File "C:\Python313\Lib\encodings\cp1252.py", line 19, in encode
    return codecs.charmap_encode(input,self.errors,encoding_table)[0]
           ~~~~~~~~~~~~~~~~~~~~~^^^^^^^^^^^^^^^^^^^^^^^^^^^^^^^^^^
UnicodeEncodeError: 'charmap' codec can't encode characters in position 0-2: character maps to <undefined>

EMPIRE 2025-08-16 12:55:30,364 - INFO - 🌍 Deploying Global Expansion Systems...
EMPIRE 2025-08-16 12:55:30,365 - INFO - 🌍 Global Expansion Progress: 0%
EMPIRE 2025-08-16 12:55:32,377 - INFO - 🧠 Activating AI Agent Networks...
EMPIRE 2025-08-16 12:55:32,378 - INFO - 🧠 AI Networks: 0.0% OPTIMIZED
EMPIRE 2025-08-16 12:55:34,389 - INFO - 💎 Scaling BROski$ Economy...
EMPIRE 2025-08-16 12:55:34,390 - INFO - 💰 BROski$ Balance: 11000 (Empire Bonus: +10000)
EMPIRE 2025-08-16 12:55:36,392 - INFO - 🏆 Executing Market Domination Strategy...
EMPIRE 2025-08-16 12:55:36,393 - INFO - 🏆 Market Domination: LEGENDARY STATUS ACHIEVED
EMPIRE 2025-08-16 12:55:38,403 - INFO - 🏛️ FULL COMMUNITY EMPIRE: LEGENDARY TRANSFORMATION COMPLETE!
