2025-08-17 15:22:37,301 - __main__ - INFO - 🌌 🏆 Initializing Ultra Legendary Master Health Check System...
2025-08-17 15:22:37,304 - __main__ - INFO - 🌌 🔄 Starting Master Health Scan...
2025-08-17 15:22:37,309 - __main__ - INFO - 🌌 🔍 Scanning Local Empire Systems...
2025-08-17 15:22:42,291 - __main__ - INFO - 🌌 💎 Scanning Memory Crystal System...
2025-08-17 15:24:04,812 - __main__ - INFO - 🌌 🚀 Scanning V2 Deployment Status...
2025-08-17 15:24:04,832 - __main__ - INFO - 🌌 🤖 Scanning Discord Integrations...
2025-08-17 15:24:04,842 - __main__ - INFO - 🌌 🏆 Scanning Agent Coordination...
2025-08-17 15:24:04,853 - __main__ - INFO - 🌌 📁 Scanning Project Structure...
2025-08-17 15:24:11,117 - __main__ - INFO - 🌌 💰 Scanning Revenue Systems...
2025-08-17 15:24:57,259 - __main__ - INFO - 🌌 🏆 Initializing Ultra Legendary Master Health Check System...
2025-08-17 15:24:57,261 - __main__ - INFO - 🌌 🔄 Starting Master Health Scan...
2025-08-17 15:24:57,262 - __main__ - INFO - 🌌 🔍 Scanning Local Empire Systems...
2025-08-17 15:25:04,108 - __main__ - INFO - 🌌 💎 Scanning Memory Crystal System...
2025-08-17 15:26:21,192 - __main__ - INFO - 🌌 🚀 Scanning V2 Deployment Status...
2025-08-17 15:26:21,214 - __main__ - INFO - 🌌 🤖 Scanning Discord Integrations...
2025-08-17 15:26:21,228 - __main__ - INFO - 🌌 🏆 Scanning Agent Coordination...
2025-08-17 15:26:21,236 - __main__ - INFO - 🌌 📁 Scanning Project Structure...
2025-08-17 15:26:27,887 - __main__ - INFO - 🌌 💰 Scanning Revenue Systems...
2025-08-17 15:30:07,039 - __main__ - INFO - 🌌 🏆 Initializing Ultra Legendary Master Health Check System...
2025-08-17 15:30:07,049 - __main__ - INFO - 🌌 🔄 Starting Master Health Scan...
2025-08-17 15:30:07,077 - __main__ - INFO - 🌌 🔍 Scanning Local Empire Systems...
2025-08-17 15:30:13,702 - __main__ - INFO - 🌌 💎 Scanning Memory Crystal System...
2025-08-17 15:32:04,840 - __main__ - INFO - 🌌 📁 Scanning Project Structure...
2025-08-17 15:33:13,705 - __main__ - INFO - 🌌 🏆 Scanning Agent Coordination...
2025-08-17 15:33:13,782 - __main__ - INFO - 🌌 💰 Scanning Revenue Systems...
2025-08-17 16:37:08,111 - __main__ - INFO - 🌌 🏆 Initializing Ultra Legendary Master Health Check System...
2025-08-17 16:37:08,113 - __main__ - INFO - 🌌 🔄 Starting Master Health Scan...
2025-08-17 16:37:08,114 - __main__ - INFO - 🌌 🔍 Scanning Local Empire Systems...
2025-08-17 16:37:12,358 - __main__ - INFO - 🌌 💎 Scanning Memory Crystal System...
2025-08-17 16:38:58,949 - __main__ - INFO - 🌌 🚀 Scanning V2 Deployment Status...
2025-08-17 16:38:59,000 - __main__ - INFO - 🌌 🤖 Scanning Discord Integrations...
2025-08-17 16:38:59,010 - __main__ - INFO - 🌌 🏆 Scanning Agent Coordination...
2025-08-17 16:38:59,020 - __main__ - INFO - 🌌 📁 Scanning Project Structure...
2025-08-17 16:39:09,833 - __main__ - INFO - 🌌 💰 Scanning Revenue Systems...
