2025-08-17 15:37:15,338 - __main__ - INFO - 🌌 🏆 Initializing Ultra Legendary Master Health Check System...
2025-08-17 15:37:15,342 - __main__ - INFO - 🌌 🔄 Starting Master Health Scan...
2025-08-17 15:37:15,345 - __main__ - INFO - 🌌 🔍 Scanning Local Empire Systems...
2025-08-17 15:37:20,630 - __main__ - INFO - 🌌 💎 Scanning Memory Crystal System...
2025-08-17 15:38:32,429 - __main__ - INFO - 🌌 📁 Scanning Project Structure...
2025-08-17 15:39:13,795 - __main__ - INFO - 🌌 🏆 Scanning Agent Coordination...
2025-08-17 15:39:13,871 - __main__ - INFO - 🌌 💰 Scanning Revenue Systems...
2025-08-17 15:52:11,543 - __main__ - INFO - 🌌 🏆 Initializing Ultra Legendary Master Health Check System...
2025-08-17 15:52:11,574 - __main__ - INFO - 🌌 🔄 Starting Master Health Scan...
2025-08-17 15:52:11,575 - __main__ - INFO - 🌌 🔍 Scanning Local Empire Systems...
2025-08-17 15:52:17,667 - __main__ - INFO - 🌌 💎 Scanning Memory Crystal System...
2025-08-17 15:53:36,306 - __main__ - INFO - 🌌 📁 Scanning Project Structure...
2025-08-17 15:54:14,978 - __main__ - INFO - 🌌 🏆 Scanning Agent Coordination...
2025-08-17 15:54:15,023 - __main__ - INFO - 🌌 💰 Scanning Revenue Systems...
2025-08-17 16:31:00,164 - __main__ - INFO - 🌌 🏆 Initializing Ultra Legendary Master Health Check System...
2025-08-17 16:31:00,166 - __main__ - ERROR - Health check system error: 'charmap' codec can't encode characters in position 2-4: character maps to <undefined>
2025-08-17 16:34:50,942 - __main__ - INFO - 🌌 🏆 Initializing Ultra Legendary Master Health Check System...
2025-08-17 16:34:51,003 - __main__ - INFO - 🌌 🔄 Starting Master Health Scan...
2025-08-17 16:34:51,006 - __main__ - INFO - 🌌 🔍 Scanning Local Empire Systems...
2025-08-17 16:34:56,272 - __main__ - INFO - 🌌 💎 Scanning Memory Crystal System...
2025-08-17 16:36:34,224 - __main__ - INFO - 🌌 🚀 Scanning V2 Deployment Status...
2025-08-17 16:36:34,270 - __main__ - INFO - 🌌 🤖 Scanning Discord Integrations...
2025-08-17 16:36:34,289 - __main__ - INFO - 🌌 🏆 Scanning Agent Coordination...
2025-08-17 16:36:34,299 - __main__ - INFO - 🌌 📁 Scanning Project Structure...
2025-08-17 16:36:46,127 - __main__ - INFO - 🌌 💰 Scanning Revenue Systems...
2025-08-19 00:35:48,770 - __main__ - INFO - 🌌 🏆 Initializing Ultra Legendary Master Health Check System...
2025-08-19 00:35:48,773 - __main__ - INFO - 🌌 🔄 Starting Master Health Scan...
2025-08-19 00:35:48,774 - __main__ - INFO - 🌌 🔍 Scanning Local Empire Systems...
2025-08-19 00:35:53,640 - __main__ - INFO - 🌌 💎 Scanning Memory Crystal System...
2025-08-19 00:37:35,426 - __main__ - INFO - 🌌 📁 Scanning Project Structure...
2025-08-19 00:39:04,010 - __main__ - INFO - 🌌 🏆 Scanning Agent Coordination...
2025-08-19 00:39:04,049 - __main__ - INFO - 🌌 💰 Scanning Revenue Systems...
2025-08-19 00:39:05,627 - __main__ - INFO - 🌌 🏆 Initializing Ultra Legendary Master Health Check System...
2025-08-19 00:39:05,645 - __main__ - INFO - 🌌 🔄 Starting Master Health Scan...
2025-08-19 00:39:05,650 - __main__ - INFO - 🌌 🔍 Scanning Local Empire Systems...
2025-08-19 00:39:11,189 - __main__ - INFO - 🌌 💎 Scanning Memory Crystal System...
2025-08-19 00:40:20,425 - __main__ - INFO - 🌌 📁 Scanning Project Structure...
2025-08-19 00:42:07,819 - __main__ - INFO - 🌌 🏆 Scanning Agent Coordination...
2025-08-19 00:42:07,932 - __main__ - INFO - 🌌 💰 Scanning Revenue Systems...
2025-08-23 03:20:41,439 - __main__ - INFO - 🌌 🏆 Initializing Ultra Legendary Master Health Check System...
2025-08-23 03:20:41,463 - __main__ - INFO - 🌌 🔄 Starting Master Health Scan...
2025-08-23 03:20:41,463 - __main__ - INFO - 🌌 🔍 Scanning Local Empire Systems...
2025-08-23 03:20:48,515 - __main__ - INFO - 🌌 💎 Scanning Memory Crystal System...
2025-08-23 03:24:36,990 - __main__ - INFO - 🌌 📁 Scanning Project Structure...
2025-08-23 03:26:22,055 - __main__ - INFO - 🌌 🏆 Scanning Agent Coordination...
2025-08-23 03:26:22,115 - __main__ - INFO - 🌌 💰 Scanning Revenue Systems...
