🤖💎⚡ 2025-08-05 00:39:23,088 - INFO - 🧠 Task Sentinel database initialized ⚡💎🤖
🤖💎⚡ 2025-08-05 00:39:23,091 - INFO - 🧠 Task Sentinel reflection cycle completed ⚡💎🤖
🤖💎⚡ 2025-08-05 00:39:23,092 - INFO - 🧠 Task Sentinel reflection loop started ⚡💎🤖
🤖💎⚡ 2025-08-05 00:39:23,109 - INFO - 💓 Pulse Syncer database initialized ⚡💎🤖
🤖💎⚡ 2025-08-05 00:39:23,111 - INFO - 💓 Pulse monitoring cycle completed ⚡💎🤖
🤖💎⚡ 2025-08-05 00:39:23,111 - INFO - 💓 Pulse Syncer monitoring started ⚡💎🤖
🤖💎⚡ 2025-08-05 00:39:23,139 - INFO - 💰 Enhanced Reward Engine database initialized ⚡💎🤖
🤖💎⚡ 2025-08-05 00:39:23,144 - INFO - 💰 Loaded 0 user balances ⚡💎🤖
🤖💎⚡ 2025-08-05 00:39:23,159 - INFO - 🤖 Spawned agent agent_coordinator_0 with role coordinator ⚡💎🤖
🤖💎⚡ 2025-08-05 00:39:23,176 - INFO - 🤖 Spawned agent agent_analyst_1 with role analyst ⚡💎🤖
🤖💎⚡ 2025-08-05 00:39:23,187 - INFO - 🤖 Spawned agent agent_supporter_2 with role supporter ⚡💎🤖
🤖💎⚡ 2025-08-05 00:39:23,203 - INFO - 🤖 Spawned agent agent_moderator_3 with role moderator ⚡💎🤖
🤖💎⚡ 2025-08-05 00:39:23,224 - INFO - 🤖 Spawned agent agent_innovator_4 with role innovator ⚡💎🤖
🤖💎⚡ 2025-08-05 00:39:23,232 - INFO - 🤖 Initialized autonomous agent team ⚡💎🤖
🤖💎⚡ 2025-08-05 00:39:23,235 - INFO - 🤖 Autonomous Enhancement Manager initialized ⚡💎🤖
🤖💎⚡ 2025-08-05 00:40:23,237 - INFO - 🤖 Autonomous systems running smoothly ⚡💎🤖
🤖💎⚡ 2025-08-05 00:41:23,238 - INFO - 🤖 Autonomous systems running smoothly ⚡💎🤖
🤖💎⚡ 2025-08-05 00:42:23,239 - INFO - 🤖 Autonomous systems running smoothly ⚡💎🤖
🤖💎⚡ 2025-08-05 00:43:23,240 - INFO - 🤖 Autonomous systems running smoothly ⚡💎🤖
🤖💎⚡ 2025-08-05 00:44:23,113 - INFO - 💓 Pulse monitoring cycle completed ⚡💎🤖
🤖💎⚡ 2025-08-05 00:44:23,241 - INFO - 🤖 Autonomous systems running smoothly ⚡💎🤖
🤖💎⚡ 2025-08-05 00:45:23,244 - INFO - 🤖 Autonomous systems running smoothly ⚡💎🤖
🤖💎⚡ 2025-08-05 00:46:23,247 - INFO - 🤖 Autonomous systems running smoothly ⚡💎🤖
🤖💎⚡ 2025-08-05 00:47:23,248 - INFO - 🤖 Autonomous systems running smoothly ⚡💎🤖
🤖💎⚡ 2025-08-05 00:48:23,249 - INFO - 🤖 Autonomous systems running smoothly ⚡💎🤖
🤖💎⚡ 2025-08-05 00:49:23,116 - INFO - 💓 Pulse monitoring cycle completed ⚡💎🤖
🤖💎⚡ 2025-08-05 00:49:23,250 - INFO - 🤖 Autonomous systems running smoothly ⚡💎🤖
🤖💎⚡ 2025-08-05 00:50:23,251 - INFO - 🤖 Autonomous systems running smoothly ⚡💎🤖
🤖💎⚡ 2025-08-05 00:51:23,252 - INFO - 🤖 Autonomous systems running smoothly ⚡💎🤖
🤖💎⚡ 2025-08-05 00:52:23,253 - INFO - 🤖 Autonomous systems running smoothly ⚡💎🤖
🤖💎⚡ 2025-08-05 00:53:23,253 - INFO - 🤖 Autonomous systems running smoothly ⚡💎🤖
🤖💎⚡ 2025-08-05 00:54:23,118 - INFO - 💓 Pulse monitoring cycle completed ⚡💎🤖
🤖💎⚡ 2025-08-05 00:54:23,255 - INFO - 🤖 Autonomous systems running smoothly ⚡💎🤖
🤖💎⚡ 2025-08-05 00:55:23,256 - INFO - 🤖 Autonomous systems running smoothly ⚡💎🤖
🤖💎⚡ 2025-08-05 00:56:23,257 - INFO - 🤖 Autonomous systems running smoothly ⚡💎🤖
🤖💎⚡ 2025-08-05 00:57:23,259 - INFO - 🤖 Autonomous systems running smoothly ⚡💎🤖
🤖💎⚡ 2025-08-05 00:58:23,260 - INFO - 🤖 Autonomous systems running smoothly ⚡💎🤖
🤖💎⚡ 2025-08-05 00:59:23,124 - INFO - 💓 Pulse monitoring cycle completed ⚡💎🤖
🤖💎⚡ 2025-08-05 00:59:23,261 - INFO - 🤖 Autonomous systems running smoothly ⚡💎🤖
🤖💎⚡ 2025-08-05 01:00:23,262 - INFO - 🤖 Autonomous systems running smoothly ⚡💎🤖
🤖💎⚡ 2025-08-05 01:01:23,263 - INFO - 🤖 Autonomous systems running smoothly ⚡💎🤖
🤖💎⚡ 2025-08-05 01:02:23,264 - INFO - 🤖 Autonomous systems running smoothly ⚡💎🤖
🤖💎⚡ 2025-08-05 01:03:23,265 - INFO - 🤖 Autonomous systems running smoothly ⚡💎🤖
🤖💎⚡ 2025-08-05 01:04:23,133 - INFO - 💓 Pulse monitoring cycle completed ⚡💎🤖
🤖💎⚡ 2025-08-05 01:04:23,266 - INFO - 🤖 Autonomous systems running smoothly ⚡💎🤖
🤖💎⚡ 2025-08-05 01:05:23,267 - INFO - 🤖 Autonomous systems running smoothly ⚡💎🤖
