[2025-08-01 20:44:44,380] UltimateOrchestrator[20316] - INFO - INITIALIZING ULTIMATE ORCHESTRATOR...
[2025-08-01 20:44:44,380] UltimateOrchestrator[20316] - INFO - INITIALIZING MEMORY CRYSTAL SYNC...
[2025-08-01 20:44:44,381] UltimateOrchestrator[20316] - INFO - Memory Crystal system connected successfully
[2025-08-01 20:44:44,381] UltimateOrchestrator[20316] - INFO - INITIALIZING AGENT ARMY CONNECTION...
[2025-08-01 20:44:44,382] UltimateOrchestrator[20316] - INFO - Agent army ready: 797 agents available
[2025-08-01 20:44:44,382] UltimateOrchestrator[20316] - INFO - ULTIMATE ORCHESTRATOR INITIALIZED - READY FOR LEGENDARY MISSIONS!
[2025-08-01 20:44:44,383] UltimateOrchestrator[20316] - INFO - ORCHESTRATING MISSION: content creation | Energy: high | Time: 45min
[2025-08-01 20:44:44,384] UltimateOrchestrator[20316] - INFO - Chief state scanned - Dopamine potential: 1.46
[2025-08-01 20:44:44,384] UltimateOrchestrator[20316] - INFO - Collected 4 tasks from empire systems
[2025-08-01 20:44:44,384] UltimateOrchestrator[20316] - INFO - Optimal mission plan generated: 1 tasks, 221 BROski$ reward
[2025-08-01 20:44:44,384] UltimateOrchestrator[20316] - INFO - DEPLOYING SPECIALIST AGENTS...
[2025-08-01 20:44:44,385] UltimateOrchestrator[20316] - INFO - Deployed AgentManagerBot for task: Agent Army Health Check
[2025-08-01 20:44:44,385] UltimateOrchestrator[20316] - INFO - ACTIVATING DOPAMINE FEEDBACK LOOP...
[2025-08-01 20:44:44,385] UltimateOrchestrator[20316] - INFO - Celebration sent: mission_start
[2025-08-01 20:44:44,386] UltimateOrchestrator[20316] - INFO - MISSION ORCHESTRATION COMPLETE: MISSION_1754077484
[2025-08-01 20:44:47,394] UltimateOrchestrator[20316] - INFO - ORCHESTRATING MISSION: strategic planning | Energy: medium | Time: 30min
[2025-08-01 20:44:47,396] UltimateOrchestrator[20316] - INFO - Chief state scanned - Dopamine potential: 0.65
[2025-08-01 20:44:47,397] UltimateOrchestrator[20316] - INFO - Collected 4 tasks from empire systems
[2025-08-01 20:44:47,397] UltimateOrchestrator[20316] - INFO - Optimal mission plan generated: 1 tasks, 140 BROski$ reward
[2025-08-01 20:44:47,398] UltimateOrchestrator[20316] - INFO - DEPLOYING SPECIALIST AGENTS...
[2025-08-01 20:44:47,398] UltimateOrchestrator[20316] - INFO - Deployed AgentManagerBot for task: Agent Army Health Check
[2025-08-01 20:44:47,398] UltimateOrchestrator[20316] - INFO - ACTIVATING DOPAMINE FEEDBACK LOOP...
[2025-08-01 20:44:47,399] UltimateOrchestrator[20316] - INFO - Celebration sent: mission_start
[2025-08-01 20:44:47,399] UltimateOrchestrator[20316] - INFO - MISSION ORCHESTRATION COMPLETE: MISSION_1754077487
[2025-08-01 20:44:50,411] UltimateOrchestrator[20316] - INFO - ORCHESTRATING MISSION: coding | Energy: legendary | Time: 60min
[2025-08-01 20:44:50,411] UltimateOrchestrator[20316] - INFO - Chief state scanned - Dopamine potential: 3.60
[2025-08-01 20:44:50,412] UltimateOrchestrator[20316] - INFO - Collected 4 tasks from empire systems
[2025-08-01 20:44:50,412] UltimateOrchestrator[20316] - INFO - Optimal mission plan generated: 1 tasks, 560 BROski$ reward
[2025-08-01 20:44:50,412] UltimateOrchestrator[20316] - INFO - DEPLOYING SPECIALIST AGENTS...
[2025-08-01 20:44:50,412] UltimateOrchestrator[20316] - INFO - Deployed CrystalKeeperBot for task: Memory Crystal System Optimization
[2025-08-01 20:44:50,413] UltimateOrchestrator[20316] - INFO - ACTIVATING DOPAMINE FEEDBACK LOOP...
[2025-08-01 20:44:50,413] UltimateOrchestrator[20316] - INFO - Celebration sent: mission_start
[2025-08-01 20:44:50,414] UltimateOrchestrator[20316] - INFO - MISSION ORCHESTRATION COMPLETE: MISSION_1754077490
[2025-08-01 20:50:17,520] UltimateOrchestrator[19544] - INFO - INITIALIZING ULTIMATE ORCHESTRATOR...
[2025-08-01 20:50:17,520] UltimateOrchestrator[19544] - INFO - INITIALIZING MEMORY CRYSTAL SYNC...
[2025-08-01 20:50:17,521] UltimateOrchestrator[19544] - INFO - Memory Crystal system connected successfully
[2025-08-01 20:50:17,521] UltimateOrchestrator[19544] - INFO - INITIALIZING AGENT ARMY CONNECTION...
[2025-08-01 20:50:17,521] UltimateOrchestrator[19544] - INFO - Agent army ready: 797 agents available
[2025-08-01 20:50:17,522] UltimateOrchestrator[19544] - INFO - ULTIMATE ORCHESTRATOR INITIALIZED - READY FOR LEGENDARY MISSIONS!
[2025-08-01 20:50:17,522] UltimateOrchestrator[19544] - INFO - ORCHESTRATING MISSION: content creation | Energy: legendary | Time: 10min
[2025-08-01 20:50:17,522] UltimateOrchestrator[19544] - INFO - Chief state scanned - Dopamine potential: 0.50
[2025-08-01 20:50:17,523] UltimateOrchestrator[19544] - INFO - Collected 4 tasks from empire systems
[2025-08-01 20:50:17,523] UltimateOrchestrator[19544] - INFO - Optimal mission plan generated: 0 tasks, 50 BROski$ reward
[2025-08-01 20:50:17,523] UltimateOrchestrator[19544] - INFO - DEPLOYING SPECIALIST AGENTS...
[2025-08-01 20:50:17,524] UltimateOrchestrator[19544] - INFO - ACTIVATING DOPAMINE FEEDBACK LOOP...
[2025-08-01 20:50:17,524] UltimateOrchestrator[19544] - INFO - Celebration sent: mission_start
[2025-08-01 20:50:17,524] UltimateOrchestrator[19544] - INFO - MISSION ORCHESTRATION COMPLETE: MISSION_1754077817
