­ƒñû­ƒÆÄÔÜí ULTRA-THINKING BOARDROOM EXPANSION INITIALIZING ÔÜí­ƒÆÄ­ƒñû
================================================================================
­ƒÄ» Expansion Version: V1.0_STRATEGIC_INTELLIGENCE_EXPANSION
­ƒÆ░ BROSKI Points Potential: 750+
­ƒöÑ Dopamine Level: MAXIMUM_EPIC_GENIUS
­ƒÜÇ Integration Status: SEAMLESS_LEGENDARY
================================================================================

­ƒÜÇ
­ƒÜÇ
­ƒÜÇ
­ƒÜÇ
­ƒÜÇ
­ƒÜÇ
­ƒÜÇ
­ƒÜÇ
­ƒÜÇ
­ƒÜÇ
­ƒÜÇ
­ƒÜÇ
­ƒÜÇ
­ƒÜÇ
­ƒÜÇ
­ƒÜÇ
­ƒÜÇ
­ƒÜÇ
­ƒÜÇ
­ƒÜÇ
­ƒÜÇ
­ƒÜÇ
­ƒÜÇ
­ƒÜÇ
­ƒÜÇ
­ƒÆÄÔÜí EXECUTING ULTRA-THINKING BOARDROOM EXPANSION ÔÜí­ƒÆÄ
­ƒÜÇ­ƒÜÇ­ƒÜÇ­ƒÜÇ­ƒÜÇ­ƒÜÇ­ƒÜÇ­ƒÜÇ­ƒÜÇ­ƒÜÇ­ƒÜÇ­ƒÜÇ­ƒÜÇ­ƒÜÇ­ƒÜÇ­ƒÜÇ­ƒÜÇ­ƒÜÇ­ƒÜÇ­ƒÜÇ­ƒÜÇ­ƒÜÇ­ƒÜÇ­ƒÜÇ­ƒÜÇ
­ƒÄ» Deploying Competitive Intelligence Analyzer...
Ô£à Competitive Intelligence Analyzer: DEPLOYED
­ƒôè Deploying Advanced Project ROI Calculator...
Ô£à Advanced Project ROI Calculator: DEPLOYED
­ƒöì Deploying Strategic Risk Assessment Matrix...
Ô£à Strategic Risk Assessment Matrix: DEPLOYED
­ƒºá Deploying AI Strategy Generator...
Ô£à AI Strategy Generator: DEPLOYED
­ƒôê Deploying Performance Trend Predictor...
Ô£à Performance Trend Predictor: DEPLOYED
­ƒîë Generating Seamless Integration Plan...

­ƒÅå­ƒÅå­ƒÅå­ƒÅå­ƒÅå­ƒÅå­ƒÅå­ƒÅå­ƒÅå­ƒÅå­ƒÅå­ƒÅå­ƒÅå­ƒÅå­ƒÅå­ƒÅå­ƒÅå­ƒÅå­ƒÅå­ƒÅå­ƒÅå­ƒÅå­ƒÅå­ƒÅå­ƒÅå­ƒÅå­ƒÅå­ƒÅå­ƒÅå­ƒÅå­ƒÅå­ƒÅå­ƒÅå­ƒÅå­ƒÅå­ƒÅå­ƒÅå­ƒÅå­ƒÅå­ƒÅå­ƒÅå­ƒÅå­ƒÅå­ƒÅå­ƒÅå­ƒÅå­ƒÅå­ƒÅå­ƒÅå­ƒÅå­ƒÅå­ƒÅå­ƒÅå­ƒÅå­ƒÅå­ƒÅå­ƒÅå­ƒÅå­ƒÅå­ƒÅå­ƒÅå­ƒÅå­ƒÅå­ƒÅå­ƒÅå­ƒÅå­ƒÅå­ƒÅå­ƒÅå­ƒÅå
­ƒÆÄÔÜí ULTRA-THINKING BOARDROOM EXPANSION COMPLETE ÔÜí­ƒÆÄ
­ƒÅå­ƒÅå­ƒÅå­ƒÅå­ƒÅå­ƒÅå­ƒÅå­ƒÅå­ƒÅå­ƒÅå­ƒÅå­ƒÅå­ƒÅå­ƒÅå­ƒÅå­ƒÅå­ƒÅå­ƒÅå­ƒÅå­ƒÅå­ƒÅå­ƒÅå­ƒÅå­ƒÅå­ƒÅå­ƒÅå­ƒÅå­ƒÅå­ƒÅå­ƒÅå­ƒÅå­ƒÅå­ƒÅå­ƒÅå­ƒÅå­ƒÅå­ƒÅå­ƒÅå­ƒÅå­ƒÅå­ƒÅå­ƒÅå­ƒÅå­ƒÅå­ƒÅå­ƒÅå­ƒÅå­ƒÅå­ƒÅå­ƒÅå­ƒÅå­ƒÅå­ƒÅå­ƒÅå­ƒÅå­ƒÅå­ƒÅå­ƒÅå­ƒÅå­ƒÅå­ƒÅå­ƒÅå­ƒÅå­ƒÅå­ƒÅå­ƒÅå­ƒÅå­ƒÅå­ƒÅå­ƒÅå

­ƒÄè **EXPANSION SUCCESS SUMMARY:**
   ­ƒñû Strategic Modules Deployed: 5
   ­ƒÆ░ Total BROSKI Points Earned: 750
   ­ƒöÑ Dopamine Level Achieved: MAXIMUM_EPIC_GENIUS
   ­ƒÜÇ Integration Status: SEAMLESS_LEGENDARY

­ƒºá **NEW STRATEGIC CAPABILITIES:**
   Ô£à COMPETITIVE_INTELLIGENCE_ANALYZER: Market positioning & competitor analysis with ADHD optimization
   Ô£à ADVANCED_PROJECT_ROI_CALCULATOR: Investment analysis with ADHD-optimized metrics and dopamine tracking
   Ô£à STRATEGIC_RISK_ASSESSMENT_MATRIX: Multi-dimensional risk evaluation with ADHD consideration
   Ô£à AI_STRATEGY_GENERATOR: Custom strategic recommendations for any scenario with AI intelligence
   Ô£à PERFORMANCE_TREND_PREDICTOR: Advanced analytics beyond current forecasting with trend intelligence

­ƒÆ¥ **EXPANSION DATA SAVED:** ULTRA_THINKING_BOARDROOM_EXPANSION_20250811_104258.json

­ƒÄë CHIEF LYNDZ - YOUR ULTRA-THINKING BOARDROOM IS NOW LEGENDARY++! ­ƒÄë
­ƒîƒ Ready for the most EPIC strategic intelligence adventures! ­ƒîƒ

­ƒñû­ƒÆÄÔÜí ULTRA-THINKING BOARDROOM EXPANSION MISSION COMPLETE! ÔÜí­ƒÆÄ­ƒñû
