2025-08-20 17:23:58,091 - INFO - 🔥 Legendary Optimization Engine initialized
2025-08-20 17:23:58,092 - INFO - 🔥 Starting Legendary 4-Phase Optimization Protocol...
2025-08-20 17:23:58,093 - INFO - ======================================================================
2025-08-20 17:23:58,093 - INFO - 🚀 Launching all optimization phases...
2025-08-20 17:23:58,095 - INFO - 🌐 PHASE 1: SSL Certificate Propagation & Domain Health
2025-08-20 17:23:58,096 - INFO - ============================================================
2025-08-20 17:23:58,097 - INFO - 🔍 Checking domain: support.hyperfocuszone.com
2025-08-20 17:23:58,170 - INFO - ✅ DNS resolved for support.hyperfocuszone.com
2025-08-20 17:23:58,538 - INFO - ✅ HTTPS working for support.hyperfocuszone.com (364.8ms)
2025-08-20 17:23:58,682 - WARNING - ❌ SSL check failed for support.hyperfocuszone.com: [SSL: CERTIFICATE_VERIFY_FAILED] certificate verify failed: Hostname mismatch, certificate is not valid for 'support.hyperfocuszone.com'. (_ssl.c:1028)
2025-08-20 17:23:58,685 - INFO - ⚡ PHASE 2: Ultra-Performance Protocol Activation
2025-08-20 17:23:58,686 - INFO - ============================================================
2025-08-20 17:23:59,697 - INFO - 📊 Current System Metrics:
2025-08-20 17:23:59,744 - INFO -    CPU Usage: 98.0%
2025-08-20 17:23:59,795 - INFO -    Memory Usage: 94.6%
2025-08-20 17:23:59,843 - INFO -    Disk Usage: 0.6%
2025-08-20 17:23:59,926 - WARNING - ⚠️ CPU usage high: 98.0%
2025-08-20 17:24:00,010 - WARNING - ⚠️ Memory usage high: 94.6%
2025-08-20 17:24:00,083 - INFO - ✅ Disk performance optimized
2025-08-20 17:24:02,238 - WARNING - ⚠️ Could not reach main_dive
2025-08-20 17:24:03,537 - INFO - 🌐 main_server: 1279.6ms
2025-08-20 17:24:03,607 - INFO - 🌐 mini_server: 66.3ms
2025-08-20 17:24:05,658 - WARNING - ⚠️ Could not reach raspberry_pi
2025-08-20 17:24:05,665 - WARNING - ⚠️ Network response time high: 672.9ms
2025-08-20 17:24:05,724 - INFO - ✅ Process optimization successful
2025-08-20 17:24:05,732 - INFO - ⚡ Phase 2 Complete: 25.0% performance optimization
2025-08-20 17:24:05,733 - INFO - 🧠 PHASE 3: Strategic Planning Session Initialization
2025-08-20 17:24:05,734 - INFO - ============================================================
2025-08-20 17:24:05,734 - INFO - 🎯 Strategic Goals Defined: 5 goals
2025-08-20 17:24:05,735 - INFO - 📋 Action Items Created: 4 items
2025-08-20 17:24:05,735 - INFO - 📅 Strategic Timeline Created
2025-08-20 17:24:05,735 - INFO - 💎 Resource Allocation Optimized
2025-08-20 17:24:05,735 - INFO - 📊 Success Metrics Established
2025-08-20 17:24:05,736 - INFO - 🗓️ Planning Sessions Initialized: 4 sessions
2025-08-20 17:24:05,737 - INFO - 🧠 Phase 3 Complete: 100.0% planning implementation
2025-08-20 17:24:05,738 - INFO - 📊 PHASE 4: Real-Time Excellence Tracking Deployment
2025-08-20 17:24:05,738 - INFO - ============================================================
2025-08-20 17:24:05,738 - INFO - 🚀 Deploying Empire Health Monitor (interval: 60s)
2025-08-20 17:24:05,739 - INFO - 🔍 Checking domain: hyperfocuszone.com
2025-08-20 17:24:16,803 - INFO - ✅ DNS resolved for hyperfocuszone.com
2025-08-20 17:24:17,049 - WARNING - ⚠️ HTTPS returned 404 for hyperfocuszone.com
2025-08-20 17:24:17,135 - INFO - ✅ SSL valid for hyperfocuszone.com (expires in 70 days)
2025-08-20 17:24:17,140 - INFO - 🚀 Deploying Performance Tracker (interval: 30s)
2025-08-20 17:24:17,666 - INFO - 🚀 Deploying System Metrics (interval: 120s)
2025-08-20 17:24:18,150 - INFO - 🔍 Checking domain: www.hyperfocuszone.com
2025-08-20 17:24:18,171 - INFO - ✅ DNS resolved for www.hyperfocuszone.com
2025-08-20 17:24:18,911 - WARNING - ⚠️ HTTPS returned 404 for www.hyperfocuszone.com
2025-08-20 17:24:19,014 - INFO - ✅ SSL valid for www.hyperfocuszone.com (expires in 70 days)
2025-08-20 17:24:19,019 - INFO - 🚀 Deploying User Analytics (interval: 300s)
2025-08-20 17:24:19,533 - INFO - 🚀 Deploying Security Monitor (interval: 180s)
2025-08-20 17:24:20,031 - INFO - 🌐 Phase 1 Complete: 66.7% success rate
2025-08-20 17:24:20,038 - INFO - 📡 Monitoring Endpoints Deployed: 5
2025-08-20 17:24:20,048 - INFO - 📊 Configuring Empire Overview Dashboard with 3 metrics
2025-08-20 17:24:20,355 - INFO - 📊 Configuring Performance Analytics with 3 metrics
2025-08-20 17:24:20,670 - INFO - 📊 Configuring Community Insights with 3 metrics
2025-08-20 17:24:20,973 - INFO - 📊 Configuring System Resources with 4 metrics
2025-08-20 17:24:21,288 - INFO - 📈 Dashboards Configured: 4
2025-08-20 17:24:21,292 - INFO - 🚨 Alert Rule: empire_health_score < 85 → immediate_notification
2025-08-20 17:24:21,504 - INFO - 🚨 Alert Rule: system_cpu > 90 → resource_scaling
2025-08-20 17:24:21,706 - INFO - 🚨 Alert Rule: response_time > 500ms → performance_optimization
2025-08-20 17:24:21,910 - INFO - 🚨 Alert Rule: ssl_expiry < 30 days → certificate_renewal
2025-08-20 17:24:22,122 - INFO - 🚨 Alert Rule: disk_usage > 95 → emergency_cleanup
2025-08-20 17:24:22,326 - INFO - ⚠️ Alert Rules Configured: 5
2025-08-20 17:24:22,329 - INFO - 📊 Configuring metric: empire_health_score
2025-08-20 17:24:22,442 - INFO - 📊 Configuring metric: system_performance
2025-08-20 17:24:22,557 - INFO - 📊 Configuring metric: user_engagement
2025-08-20 17:24:22,672 - INFO - 📊 Configuring metric: automation_efficiency
2025-08-20 17:24:22,789 - INFO - 📊 Configuring metric: security_status
2025-08-20 17:24:22,907 - INFO - 📊 Configuring metric: community_growth
2025-08-20 17:24:23,016 - INFO - 📊 Configuring metric: innovation_index
2025-08-20 17:24:23,123 - INFO - 📏 Metrics Configured: 7
2025-08-20 17:24:23,124 - INFO - 🔄 Enabling real-time monitoring...
2025-08-20 17:24:24,125 - INFO - ✅ Real-time monitoring ACTIVATED
2025-08-20 17:24:24,126 - INFO - 📊 Phase 4 Complete: 100.0% tracking deployment
2025-08-20 17:24:24,132 - INFO - 📄 Optimization report saved: legendary_optimization_report_20250820_172424.json
2025-08-20 17:24:24,133 - INFO - 
2025-08-20 17:24:24,134 - INFO - 🏆====================================================================🏆
2025-08-20 17:24:24,136 - INFO - 🏆 LEGENDARY OPTIMIZATION EXECUTION COMPLETE! 🏆
2025-08-20 17:24:24,137 - INFO - 🏆====================================================================🏆
2025-08-20 17:24:24,137 - INFO - 
2025-08-20 17:24:24,138 - INFO - ⚡ Overall Progress: 72.9%
2025-08-20 17:24:24,138 - INFO - 🕐 Total Duration: 26.1 seconds
2025-08-20 17:24:24,138 - INFO - 🎯 Optimization Status: NEEDS_ATTENTION
2025-08-20 17:24:24,138 - INFO - 
2025-08-20 17:24:24,138 - INFO - 🌟 LEGENDARY ACHIEVEMENTS:
2025-08-20 17:24:24,139 - INFO -    ⚡ Ssl Propagation - EXCELLENT
2025-08-20 17:24:24,139 - INFO -    🔧 Performance Protocols - NEEDS_ATTENTION
2025-08-20 17:24:24,139 - INFO -    ✅ Strategic Planning - LEGENDARY
2025-08-20 17:24:24,139 - INFO -    ✅ Excellence Tracking - LEGENDARY
2025-08-20 17:24:24,141 - INFO - 
2025-08-20 17:24:24,141 - INFO - 🔧 Ssl Propagation: 66.7%
2025-08-20 17:24:24,142 - INFO - 🔧 Performance Protocols: 25.0%
2025-08-20 17:24:24,143 - INFO - ✅ Strategic Planning: 100.0%
2025-08-20 17:24:24,146 - INFO - ✅ Excellence Tracking: 100.0%
2025-08-20 17:24:24,148 - INFO - 
2025-08-20 17:24:24,148 - INFO - 🚀 HYPERFOCUS ZONE EMPIRE OPTIMIZATION LEGENDARY SUCCESS!
2025-08-20 17:24:24,149 - INFO - 💎 Ready for 100% excellence achievement!
2025-08-20 18:04:46,140 - INFO - 🔥 Legendary Optimization Engine initialized
2025-08-20 18:04:46,145 - INFO - 🔥 Starting Legendary 4-Phase Optimization Protocol...
2025-08-20 18:04:46,147 - INFO - ======================================================================
2025-08-20 18:04:46,148 - INFO - 🚀 Launching all optimization phases...
2025-08-20 18:04:46,149 - INFO - 🌐 PHASE 1: SSL Certificate Propagation & Domain Health
2025-08-20 18:04:46,157 - INFO - ============================================================
2025-08-20 18:04:46,158 - INFO - 🔍 Checking domain: support.hyperfocuszone.com
2025-08-20 18:04:57,241 - INFO - ✅ DNS resolved for support.hyperfocuszone.com
2025-08-20 18:04:57,368 - INFO - ✅ HTTPS working for support.hyperfocuszone.com (125.9ms)
2025-08-20 18:04:57,426 - WARNING - ❌ SSL check failed for support.hyperfocuszone.com: [SSL: CERTIFICATE_VERIFY_FAILED] certificate verify failed: Hostname mismatch, certificate is not valid for 'support.hyperfocuszone.com'. (_ssl.c:1028)
2025-08-20 18:04:57,427 - INFO - ⚡ PHASE 2: Ultra-Performance Protocol Activation
2025-08-20 18:04:57,427 - INFO - ============================================================
2025-08-20 18:04:58,430 - INFO - 📊 Current System Metrics:
2025-08-20 18:04:58,430 - INFO -    CPU Usage: 50.8%
2025-08-20 18:04:58,432 - INFO -    Memory Usage: 90.5%
2025-08-20 18:04:58,433 - INFO -    Disk Usage: 0.6%
2025-08-20 18:04:58,433 - INFO - ✅ CPU performance optimized
2025-08-20 18:04:58,433 - WARNING - ⚠️ Memory usage high: 90.5%
2025-08-20 18:04:58,434 - INFO - ✅ Disk performance optimized
2025-08-20 18:05:00,478 - WARNING - ⚠️ Could not reach main_dive
2025-08-20 18:05:00,654 - INFO - 🌐 main_server: 175.1ms
2025-08-20 18:05:00,706 - INFO - 🌐 mini_server: 51.9ms
2025-08-20 18:05:02,746 - WARNING - ⚠️ Could not reach raspberry_pi
2025-08-20 18:05:02,746 - WARNING - ⚠️ Network response time high: 113.5ms
2025-08-20 18:05:02,791 - INFO - ✅ Process optimization successful
2025-08-20 18:05:02,791 - INFO - ⚡ Phase 2 Complete: 50.0% performance optimization
2025-08-20 18:05:02,792 - INFO - 🧠 PHASE 3: Strategic Planning Session Initialization
2025-08-20 18:05:02,792 - INFO - ============================================================
2025-08-20 18:05:02,792 - INFO - 🎯 Strategic Goals Defined: 5 goals
2025-08-20 18:05:02,793 - INFO - 📋 Action Items Created: 4 items
2025-08-20 18:05:02,794 - INFO - 📅 Strategic Timeline Created
2025-08-20 18:05:02,794 - INFO - 💎 Resource Allocation Optimized
2025-08-20 18:05:02,794 - INFO - 📊 Success Metrics Established
2025-08-20 18:05:02,795 - INFO - 🗓️ Planning Sessions Initialized: 4 sessions
2025-08-20 18:05:02,795 - INFO - 🧠 Phase 3 Complete: 100.0% planning implementation
2025-08-20 18:05:02,796 - INFO - 📊 PHASE 4: Real-Time Excellence Tracking Deployment
2025-08-20 18:05:02,796 - INFO - ============================================================
2025-08-20 18:05:02,796 - INFO - 🚀 Deploying Empire Health Monitor (interval: 60s)
2025-08-20 18:05:02,796 - INFO - 🔍 Checking domain: hyperfocuszone.com
2025-08-20 18:05:02,797 - INFO - ✅ DNS resolved for hyperfocuszone.com
2025-08-20 18:05:02,972 - WARNING - ⚠️ HTTPS returned 404 for hyperfocuszone.com
2025-08-20 18:05:03,040 - INFO - ✅ SSL valid for hyperfocuszone.com (expires in 70 days)
2025-08-20 18:05:03,299 - INFO - 🚀 Deploying Performance Tracker (interval: 30s)
2025-08-20 18:05:03,814 - INFO - 🚀 Deploying System Metrics (interval: 120s)
2025-08-20 18:05:04,044 - INFO - 🔍 Checking domain: www.hyperfocuszone.com
2025-08-20 18:05:04,045 - INFO - ✅ DNS resolved for www.hyperfocuszone.com
2025-08-20 18:05:04,600 - WARNING - ⚠️ HTTPS returned 404 for www.hyperfocuszone.com
2025-08-20 18:05:04,661 - INFO - ✅ SSL valid for www.hyperfocuszone.com (expires in 70 days)
2025-08-20 18:05:04,662 - INFO - 🚀 Deploying User Analytics (interval: 300s)
2025-08-20 18:05:05,174 - INFO - 🚀 Deploying Security Monitor (interval: 180s)
2025-08-20 18:05:05,678 - INFO - 🌐 Phase 1 Complete: 66.7% success rate
2025-08-20 18:05:05,680 - INFO - 📡 Monitoring Endpoints Deployed: 5
2025-08-20 18:05:05,681 - INFO - 📊 Configuring Empire Overview Dashboard with 3 metrics
2025-08-20 18:05:05,990 - INFO - 📊 Configuring Performance Analytics with 3 metrics
2025-08-20 18:05:06,301 - INFO - 📊 Configuring Community Insights with 3 metrics
2025-08-20 18:05:06,608 - INFO - 📊 Configuring System Resources with 4 metrics
2025-08-20 18:05:06,910 - INFO - 📈 Dashboards Configured: 4
2025-08-20 18:05:06,911 - INFO - 🚨 Alert Rule: empire_health_score < 85 → immediate_notification
2025-08-20 18:05:07,115 - INFO - 🚨 Alert Rule: system_cpu > 90 → resource_scaling
2025-08-20 18:05:07,317 - INFO - 🚨 Alert Rule: response_time > 500ms → performance_optimization
2025-08-20 18:05:07,530 - INFO - 🚨 Alert Rule: ssl_expiry < 30 days → certificate_renewal
2025-08-20 18:05:07,743 - INFO - 🚨 Alert Rule: disk_usage > 95 → emergency_cleanup
2025-08-20 18:05:07,952 - INFO - ⚠️ Alert Rules Configured: 5
2025-08-20 18:05:07,953 - INFO - 📊 Configuring metric: empire_health_score
2025-08-20 18:05:08,055 - INFO - 📊 Configuring metric: system_performance
2025-08-20 18:05:08,168 - INFO - 📊 Configuring metric: user_engagement
2025-08-20 18:05:08,274 - INFO - 📊 Configuring metric: automation_efficiency
2025-08-20 18:05:08,385 - INFO - 📊 Configuring metric: security_status
2025-08-20 18:05:08,487 - INFO - 📊 Configuring metric: community_growth
2025-08-20 18:05:08,602 - INFO - 📊 Configuring metric: innovation_index
2025-08-20 18:05:08,709 - INFO - 📏 Metrics Configured: 7
2025-08-20 18:05:08,709 - INFO - 🔄 Enabling real-time monitoring...
2025-08-20 18:05:09,719 - INFO - ✅ Real-time monitoring ACTIVATED
2025-08-20 18:05:09,720 - INFO - 📊 Phase 4 Complete: 100.0% tracking deployment
2025-08-20 18:05:09,724 - INFO - 📄 Optimization report saved: legendary_optimization_report_20250820_180509.json
2025-08-20 18:05:09,725 - INFO - 
2025-08-20 18:05:09,725 - INFO - 🏆====================================================================🏆
2025-08-20 18:05:09,726 - INFO - 🏆 LEGENDARY OPTIMIZATION EXECUTION COMPLETE! 🏆
2025-08-20 18:05:09,726 - INFO - 🏆====================================================================🏆
2025-08-20 18:05:09,727 - INFO - 
2025-08-20 18:05:09,727 - INFO - ⚡ Overall Progress: 79.2%
2025-08-20 18:05:09,727 - INFO - 🕐 Total Duration: 23.6 seconds
2025-08-20 18:05:09,728 - INFO - 🎯 Optimization Status: NEEDS_ATTENTION
2025-08-20 18:05:09,728 - INFO - 
2025-08-20 18:05:09,728 - INFO - 🌟 LEGENDARY ACHIEVEMENTS:
2025-08-20 18:05:09,729 - INFO -    ⚡ Ssl Propagation - EXCELLENT
2025-08-20 18:05:09,729 - INFO -    🔧 Performance Protocols - NEEDS_ATTENTION
2025-08-20 18:05:09,729 - INFO -    ✅ Strategic Planning - LEGENDARY
2025-08-20 18:05:09,730 - INFO -    ✅ Excellence Tracking - LEGENDARY
2025-08-20 18:05:09,730 - INFO - 
2025-08-20 18:05:09,731 - INFO - 🔧 Ssl Propagation: 66.7%
2025-08-20 18:05:09,732 - INFO - 🔧 Performance Protocols: 50.0%
2025-08-20 18:05:09,733 - INFO - ✅ Strategic Planning: 100.0%
2025-08-20 18:05:09,733 - INFO - ✅ Excellence Tracking: 100.0%
2025-08-20 18:05:09,734 - INFO - 
2025-08-20 18:05:09,735 - INFO - 🚀 HYPERFOCUS ZONE EMPIRE OPTIMIZATION LEGENDARY SUCCESS!
2025-08-20 18:05:09,735 - INFO - 💎 Ready for 100% excellence achievement!
